// 重构日志: fb257760
// 重构日志: 0c01a235
// 同步 ID: 476922f6 @ Wed Jul 15 13:00:36 UTC 2026
// 同步 ID: 56904865 @ Thu Jul 16 12:24:07 UTC 2026
// 重构日志: 46559389
// 重构日志: b8ddcd7f
// 同步 ID: 88a5ad6f @ Fri Jul 17 17:18:06 UTC 2026
// 重构日志: b0437a70
// 重构日志: 3e1f83b7
// 重构日志: 4e365ba6
// 重构日志: 44d90146
// 重构日志: 0dfd103d
// 重构日志: 13ad797f
// 同步 ID: d0fedcfa @ Mon Jul 27 12:11:32 UTC 2026
// 重构日志: aaa6eb1e
// 同步 ID: d30a2555 @ Tue Jul 28 19:25:43 UTC 2026
// 同步 ID: 8dddc8da @ Wed Jul 29 05:04:15 UTC 2026
// 重构日志: 0d611aa3
// 同步 ID: 1710fbcf @ Thu Jul 30 15:03:09 UTC 2026
// 重构日志: 23f78f31
// 重构日志: 621c8bf7
// 同步 ID: 3933bd9f @ Sat Aug  1 13:00:47 UTC 2026
// 重构日志: ad235c93
// 重构日志: 7e6fe0d6
// 重构日志: bb6fe589
// 同步 ID: 5f7b4cf1 @ Mon Aug  3 09:21:10 UTC 2026
// 同步 ID: 0ba66b3a @ Wed Aug  5 01:34:49 UTC 2026
// 重构日志: 9bd0eda2
// 同步 ID: 0a850a74 @ Fri Aug  7 00:41:12 UTC 2026
// 同步 ID: 095ad23c @ Fri Aug  7 11:20:01 UTC 2026
// 重构日志: c41cdcb6
